// Jest Snapshot v1, https://goo.gl/fbAQLP

exports[`Alert Component matches snapshot 1`] = `
<Modal
  animationType="fade"
  hardwareAccelerated={false}
  onRequestClose={[MockFunction]}
  transparent={true}
  visible={true}
>
  <View
    accessibilityState={
      {
        "busy": undefined,
        "checked": undefined,
        "disabled": undefined,
        "expanded": undefined,
        "selected": undefined,
      }
    }
    accessible={true}
    focusable={true}
    onClick={[Function]}
    onResponderGrant={[Function]}
    onResponderMove={[Function]}
    onResponderRelease={[Function]}
    onResponderTerminate={[Function]}
    onResponderTerminationRequest={[Function]}
    onStartShouldSetResponder={[Function]}
    style={
      {
        "alignItems": "center",
        "backgroundColor": "rgba(0, 0, 0, 0.5)",
        "flex": 1,
        "justifyContent": "center",
      }
    }
  >
    <View
      accessibilityState={
        {
          "busy": undefined,
          "checked": undefined,
          "disabled": undefined,
          "expanded": undefined,
          "selected": undefined,
        }
      }
      accessible={true}
      collapsable={false}
      focusable={false}
      onClick={[Function]}
      onResponderGrant={[Function]}
      onResponderMove={[Function]}
      onResponderRelease={[Function]}
      onResponderTerminate={[Function]}
      onResponderTerminationRequest={[Function]}
      onStartShouldSetResponder={[Function]}
      style={
        {
          "alignItems": "stretch",
          "backgroundColor": "#FFFFFF",
          "borderRadius": 24,
          "elevation": 5,
          "margin": 20,
          "maxWidth": "85%",
          "minWidth": 300,
          "padding": 24,
          "shadowColor": "#000",
          "shadowOffset": {
            "height": 4,
            "width": 0,
          },
          "shadowOpacity": 0.25,
          "shadowRadius": 8,
          "transform": [
            {
              "scale": 0,
            },
          ],
        }
      }
    >
      <View
        accessibilityState={
          {
            "busy": undefined,
            "checked": undefined,
            "disabled": undefined,
            "expanded": undefined,
            "selected": undefined,
          }
        }
        accessibilityValue={
          {
            "max": undefined,
            "min": undefined,
            "now": undefined,
            "text": undefined,
          }
        }
        accessible={true}
        collapsable={false}
        focusable={true}
        onClick={[Function]}
        onResponderGrant={[Function]}
        onResponderMove={[Function]}
        onResponderRelease={[Function]}
        onResponderTerminate={[Function]}
        onResponderTerminationRequest={[Function]}
        onStartShouldSetResponder={[Function]}
        style={
          {
            "alignItems": "center",
            "backgroundColor": "#33333310",
            "borderRadius": 16,
            "height": 32,
            "justifyContent": "center",
            "opacity": 1,
            "position": "absolute",
            "right": 16,
            "top": 16,
            "width": 32,
            "zIndex": 1,
          }
        }
        testID="close-button"
      >
        <Icon
          color="#333333"
          name="close"
          size={24}
        />
      </View>
      <Text
        style={
          {
            "color": "#2E8B57",
            "fontSize": 24,
            "fontWeight": "bold",
            "marginBottom": 16,
            "textAlign": "center",
          }
        }
        testID="alert-title"
      >
        Snapshot Alert
      </Text>
      <View
        style={
          {
            "marginTop": 16,
          }
        }
        testID="alert-options"
      >
        <View
          accessibilityState={
            {
              "busy": undefined,
              "checked": undefined,
              "disabled": undefined,
              "expanded": undefined,
              "selected": undefined,
            }
          }
          accessibilityValue={
            {
              "max": undefined,
              "min": undefined,
              "now": undefined,
              "text": undefined,
            }
          }
          accessible={true}
          collapsable={false}
          focusable={true}
          onClick={[Function]}
          onResponderGrant={[Function]}
          onResponderMove={[Function]}
          onResponderRelease={[Function]}
          onResponderTerminate={[Function]}
          onResponderTerminationRequest={[Function]}
          onStartShouldSetResponder={[Function]}
          style={
            {
              "alignItems": "center",
              "backgroundColor": "#FFFFFF",
              "borderColor": "#E0E0E0",
              "borderRadius": 12,
              "borderWidth": 1,
              "flexDirection": "row",
              "marginTop": 12,
              "opacity": 1,
              "padding": 14,
            }
          }
        >
          <Text
            style={
              {
                "color": "#333333",
                "flex": 1,
                "fontSize": 16,
                "fontWeight": "600",
              }
            }
          >
            Snapshot Option
          </Text>
        </View>
      </View>
    </View>
  </View>
</Modal>
`;
