// Jest Snapshot v1, https://goo.gl/fbAQLP

exports[`BottomPopup Component matches snapshot 1`] = `
<Modal
  animationType="none"
  hardwareAccelerated={false}
  onRequestClose={[MockFunction]}
  statusBarTranslucent={true}
  transparent={true}
  visible={true}
>
  <View
    style={
      {
        "flex": 1,
        "justifyContent": "flex-end",
      }
    }
  >
    <View
      accessibilityState={
        {
          "busy": undefined,
          "checked": undefined,
          "disabled": undefined,
          "expanded": undefined,
          "selected": undefined,
        }
      }
      accessible={true}
      focusable={true}
      onClick={[Function]}
      onResponderGrant={[Function]}
      onResponderMove={[Function]}
      onResponderRelease={[Function]}
      onResponderTerminate={[Function]}
      onResponderTerminationRequest={[Function]}
      onStartShouldSetResponder={[Function]}
      style={
        [
          {
            "backgroundColor": "rgba(0,0,0,0.5)",
            "bottom": 0,
            "left": 0,
            "position": "absolute",
            "right": 0,
            "top": 0,
          },
          {
            "opacity": 0,
          },
        ]
      }
    />
    <View
      style={
        [
          {
            "backgroundColor": "#FFFFFF",
            "borderTopLeftRadius": 24,
            "borderTopRightRadius": 24,
            "elevation": 5,
            "maxHeight": "80%",
            "paddingBottom": 24,
            "paddingHorizontal": 24,
            "paddingTop": 12,
            "shadowColor": "#000",
            "shadowOffset": {
              "height": -3,
              "width": 0,
            },
            "shadowOpacity": 0.1,
            "shadowRadius": 5,
          },
          {
            "transform": [
              {
                "translateY": 1334,
              },
            ],
          },
        ]
      }
    >
      <View
        style={
          {
            "alignSelf": "center",
            "backgroundColor": "#E0E0E0",
            "borderRadius": 2,
            "height": 4,
            "marginBottom": 16,
            "width": 40,
          }
        }
      />
      <View
        style={
          {
            "alignItems": "center",
            "flexDirection": "row",
            "justifyContent": "space-between",
            "marginBottom": 24,
          }
        }
      >
        <Text
          style={
            {
              "color": "#333333",
              "fontSize": 22,
              "fontWeight": "bold",
            }
          }
          testID="bottom-popup-title"
        >
          Snapshot Popup
        </Text>
        <View
          accessibilityState={
            {
              "busy": undefined,
              "checked": undefined,
              "disabled": undefined,
              "expanded": undefined,
              "selected": undefined,
            }
          }
          accessibilityValue={
            {
              "max": undefined,
              "min": undefined,
              "now": undefined,
              "text": undefined,
            }
          }
          accessible={true}
          collapsable={false}
          focusable={true}
          onClick={[Function]}
          onResponderGrant={[Function]}
          onResponderMove={[Function]}
          onResponderRelease={[Function]}
          onResponderTerminate={[Function]}
          onResponderTerminationRequest={[Function]}
          onStartShouldSetResponder={[Function]}
          style={
            {
              "backgroundColor": "#F5F5F5",
              "borderRadius": 20,
              "opacity": 1,
              "padding": 8,
            }
          }
          testID="close-button"
        >
          <Icon
            color="#333333"
            name="close"
            size={24}
          />
        </View>
      </View>
      <View
        style={
          {
            "marginTop": 8,
          }
        }
      >
        <View
          accessibilityState={
            {
              "busy": undefined,
              "checked": undefined,
              "disabled": undefined,
              "expanded": undefined,
              "selected": undefined,
            }
          }
          accessibilityValue={
            {
              "max": undefined,
              "min": undefined,
              "now": undefined,
              "text": undefined,
            }
          }
          accessible={true}
          collapsable={false}
          focusable={true}
          onClick={[Function]}
          onResponderGrant={[Function]}
          onResponderMove={[Function]}
          onResponderRelease={[Function]}
          onResponderTerminate={[Function]}
          onResponderTerminationRequest={[Function]}
          onStartShouldSetResponder={[Function]}
          style={
            {
              "alignItems": "center",
              "borderBottomColor": "#E0E0E0",
              "borderBottomWidth": 0.5,
              "flexDirection": "row",
              "opacity": 1,
              "paddingVertical": 16,
            }
          }
        >
          <Text
            style={
              {
                "color": "#333333",
                "flex": 1,
                "fontSize": 18,
              }
            }
          >
            Snapshot Option
          </Text>
        </View>
      </View>
    </View>
  </View>
</Modal>
`;
