// Jest Snapshot v1, https://goo.gl/fbAQLP

exports[`GenreTag Component matches snapshot 1`] = `
<View
  style={
    {
      "backgroundColor": "#2E8B57",
      "borderRadius": 15,
      "margin": 2,
      "paddingHorizontal": 10,
      "paddingVertical": 5,
    }
  }
>
  <Text
    style={
      {
        "color": "#FFFFFF",
        "fontSize": 12,
        "fontWeight": "600",
      }
    }
  >
    Drama
  </Text>
</View>
`;
